Archive member included to satisfy reference by file (symbol)

C:/Users/USER/scoop/apps/gcc-arm-none-eabi/15.2.rel1/bin/../lib/gcc/arm-none-eabi/15.2.1/../../../../arm-none-eabi/lib/thumb/v7-m/nofp\libc.a(libc_a-exit.o)
                              C:/Users/USER/scoop/apps/gcc-arm-none-eabi/15.2.rel1/bin/../lib/gcc/arm-none-eabi/15.2.1/../../../../arm-none-eabi/lib/thumb/v7-m/nofp/crt0.o (exit)
C:/Users/USER/scoop/apps/gcc-arm-none-eabi/15.2.rel1/bin/../lib/gcc/arm-none-eabi/15.2.1/../../../../arm-none-eabi/lib/thumb/v7-m/nofp\libc.a(libc_a-findfp.o)
                              C:/Users/USER/scoop/apps/gcc-arm-none-eabi/15.2.rel1/bin/../lib/gcc/arm-none-eabi/15.2.1/../../../../arm-none-eabi/lib/thumb/v7-m/nofp\libc.a(libc_a-exit.o) (__stdio_exit_handler)
C:/Users/USER/scoop/apps/gcc-arm-none-eabi/15.2.rel1/bin/../lib/gcc/arm-none-eabi/15.2.1/../../../../arm-none-eabi/lib/thumb/v7-m/nofp\libc.a(libc_a-fwalk.o)
                              C:/Users/USER/scoop/apps/gcc-arm-none-eabi/15.2.rel1/bin/../lib/gcc/arm-none-eabi/15.2.1/../../../../arm-none-eabi/lib/thumb/v7-m/nofp\libc.a(libc_a-findfp.o) (_fwalk_sglue)
C:/Users/USER/scoop/apps/gcc-arm-none-eabi/15.2.rel1/bin/../lib/gcc/arm-none-eabi/15.2.1/../../../../arm-none-eabi/lib/thumb/v7-m/nofp\libc.a(libc_a-stdio.o)
                              C:/Users/USER/scoop/apps/gcc-arm-none-eabi/15.2.rel1/bin/../lib/gcc/arm-none-eabi/15.2.1/../../../../arm-none-eabi/lib/thumb/v7-m/nofp\libc.a(libc_a-findfp.o) (__sread)
C:/Users/USER/scoop/apps/gcc-arm-none-eabi/15.2.rel1/bin/../lib/gcc/arm-none-eabi/15.2.1/../../../../arm-none-eabi/lib/thumb/v7-m/nofp\libc.a(libc_a-memset.o)
                              C:/Users/USER/scoop/apps/gcc-arm-none-eabi/15.2.rel1/bin/../lib/gcc/arm-none-eabi/15.2.1/../../../../arm-none-eabi/lib/thumb/v7-m/nofp/crt0.o (memset)
C:/Users/USER/scoop/apps/gcc-arm-none-eabi/15.2.rel1/bin/../lib/gcc/arm-none-eabi/15.2.1/../../../../arm-none-eabi/lib/thumb/v7-m/nofp\libc.a(libc_a-closer.o)
                              C:/Users/USER/scoop/apps/gcc-arm-none-eabi/15.2.rel1/bin/../lib/gcc/arm-none-eabi/15.2.1/../../../../arm-none-eabi/lib/thumb/v7-m/nofp\libc.a(libc_a-stdio.o) (_close_r)
C:/Users/USER/scoop/apps/gcc-arm-none-eabi/15.2.rel1/bin/../lib/gcc/arm-none-eabi/15.2.1/../../../../arm-none-eabi/lib/thumb/v7-m/nofp\libc.a(libc_a-reent.o)
                              C:/Users/USER/scoop/apps/gcc-arm-none-eabi/15.2.rel1/bin/../lib/gcc/arm-none-eabi/15.2.1/../../../../arm-none-eabi/lib/thumb/v7-m/nofp\libc.a(libc_a-closer.o) (errno)
C:/Users/USER/scoop/apps/gcc-arm-none-eabi/15.2.rel1/bin/../lib/gcc/arm-none-eabi/15.2.1/../../../../arm-none-eabi/lib/thumb/v7-m/nofp\libc.a(libc_a-impure.o)
                              C:/Users/USER/scoop/apps/gcc-arm-none-eabi/15.2.rel1/bin/../lib/gcc/arm-none-eabi/15.2.1/../../../../arm-none-eabi/lib/thumb/v7-m/nofp\libc.a(libc_a-reent.o) (_impure_ptr)
C:/Users/USER/scoop/apps/gcc-arm-none-eabi/15.2.rel1/bin/../lib/gcc/arm-none-eabi/15.2.1/../../../../arm-none-eabi/lib/thumb/v7-m/nofp\libc.a(libc_a-lseekr.o)
                              C:/Users/USER/scoop/apps/gcc-arm-none-eabi/15.2.rel1/bin/../lib/gcc/arm-none-eabi/15.2.1/../../../../arm-none-eabi/lib/thumb/v7-m/nofp\libc.a(libc_a-stdio.o) (_lseek_r)
C:/Users/USER/scoop/apps/gcc-arm-none-eabi/15.2.rel1/bin/../lib/gcc/arm-none-eabi/15.2.1/../../../../arm-none-eabi/lib/thumb/v7-m/nofp\libc.a(libc_a-readr.o)
                              C:/Users/USER/scoop/apps/gcc-arm-none-eabi/15.2.rel1/bin/../lib/gcc/arm-none-eabi/15.2.1/../../../../arm-none-eabi/lib/thumb/v7-m/nofp\libc.a(libc_a-stdio.o) (_read_r)
C:/Users/USER/scoop/apps/gcc-arm-none-eabi/15.2.rel1/bin/../lib/gcc/arm-none-eabi/15.2.1/../../../../arm-none-eabi/lib/thumb/v7-m/nofp\libc.a(libc_a-writer.o)
                              C:/Users/USER/scoop/apps/gcc-arm-none-eabi/15.2.rel1/bin/../lib/gcc/arm-none-eabi/15.2.1/../../../../arm-none-eabi/lib/thumb/v7-m/nofp\libc.a(libc_a-stdio.o) (_write_r)
C:/Users/USER/scoop/apps/gcc-arm-none-eabi/15.2.rel1/bin/../lib/gcc/arm-none-eabi/15.2.1/../../../../arm-none-eabi/lib/thumb/v7-m/nofp\libc.a(libc_a-init.o)
                              C:/Users/USER/scoop/apps/gcc-arm-none-eabi/15.2.rel1/bin/../lib/gcc/arm-none-eabi/15.2.1/../../../../arm-none-eabi/lib/thumb/v7-m/nofp/crt0.o (__libc_init_array)
C:/Users/USER/scoop/apps/gcc-arm-none-eabi/15.2.rel1/bin/../lib/gcc/arm-none-eabi/15.2.1/../../../../arm-none-eabi/lib/thumb/v7-m/nofp\libc.a(libc_a-lock.o)
                              C:/Users/USER/scoop/apps/gcc-arm-none-eabi/15.2.rel1/bin/../lib/gcc/arm-none-eabi/15.2.1/../../../../arm-none-eabi/lib/thumb/v7-m/nofp\libc.a(libc_a-findfp.o) (__retarget_lock_init_recursive)
C:/Users/USER/scoop/apps/gcc-arm-none-eabi/15.2.rel1/bin/../lib/gcc/arm-none-eabi/15.2.1/../../../../arm-none-eabi/lib/thumb/v7-m/nofp\libc.a(libc_a-__call_atexit.o)
[...]
Memory Configuration

Name             Origin             Length             Attributes
FLASH            0x08000000         0x00010000         xr
RAM              0x20000000         0x00005000         xrw
*default*        0x00000000         0xffffffff

Linker script and memory map

LOAD C:/Users/USER/scoop/apps/gcc-arm-none-eabi/15.2.rel1/bin/../lib/gcc/arm-none-eabi/15.2.1/thumb/v7-m/nofp/crti.o
LOAD C:/Users/USER/scoop/apps/gcc-arm-none-eabi/15.2.rel1/bin/../lib/gcc/arm-none-eabi/15.2.1/thumb/v7-m/nofp/crtbegin.o
LOAD C:/Users/USER/scoop/apps/gcc-arm-none-eabi/15.2.rel1/bin/../lib/gcc/arm-none-eabi/15.2.1/../../../../arm-none-eabi/lib/thumb/v7-m/nofp/crt0.o
LOAD build/main.o
LOAD build/stm32_it.o
LOAD build/order_alert_fsm.o
LOAD build/exti_driver.o
LOAD build/pwm_driver.o
LOAD build/buzzer_driver.o
LOAD build/led_driver.o
LOAD build/ir_sensor_driver.o
LOAD build/board.o
LOAD build/startup.o
LOAD C:/Users/USER/scoop/apps/gcc-arm-none-eabi/15.2.rel1/bin/../lib/gcc/arm-none-eabi/15.2.1/../../../../arm-none-eabi/lib/thumb/v7-m/nofp\libc.a
LOAD C:/Users/USER/scoop/apps/gcc-arm-none-eabi/15.2.rel1/bin/../lib/gcc/arm-none-eabi/15.2.1/../../../../arm-none-eabi/lib/thumb/v7-m/nofp\libm.a
START GROUP
LOAD C:/Users/USER/scoop/apps/gcc-arm-none-eabi/15.2.rel1/bin/../lib/gcc/arm-none-eabi/15.2.1/thumb/v7-m/nofp\libgcc.a
LOAD C:/Users/USER/scoop/apps/gcc-arm-none-eabi/15.2.rel1/bin/../lib/gcc/arm-none-eabi/15.2.1/../../../../arm-none-eabi/lib/thumb/v7-m/nofp\libc.a
END GROUP
START GROUP
LOAD C:/Users/USER/scoop/apps/gcc-arm-none-eabi/15.2.rel1/bin/../lib/gcc/arm-none-eabi/15.2.1/thumb/v7-m/nofp\libgcc.a
LOAD C:/Users/USER/scoop/apps/gcc-arm-none-eabi/15.2.rel1/bin/../lib/gcc/arm-none-eabi/15.2.1/../../../../arm-none-eabi/lib/thumb/v7-m/nofp\libc.a
LOAD C:/Users/USER/scoop/apps/gcc-arm-none-eabi/15.2.rel1/bin/../lib/gcc/arm-none-eabi/15.2.1/../../../../arm-none-eabi/lib/thumb/v7-m/nofp\libnosys.a
END GROUP
LOAD C:/Users/USER/scoop/apps/gcc-arm-none-eabi/15.2.rel1/bin/../lib/gcc/arm-none-eabi/15.2.1/thumb/v7-m/nofp/crtend.o
LOAD C:/Users/USER/scoop/apps/gcc-arm-none-eabi/15.2.rel1/bin/../lib/gcc/arm-none-eabi/15.2.1/thumb/v7-m/nofp/crtn.o
                0x20005000                        _estack = 0x20005000

.isr_vector     0x08000000      0x130
                0x08000000                        . = ALIGN (0x4)
 *(.isr_vector)
 .isr_vector    0x08000000      0x130 build/startup.o
                0x08000130                        . = ALIGN (0x4)

.text           0x08000130      0xac4
                0x08000130                        . = ALIGN (0x4)
 *(.text)
 *(.text*)
 .text.__NVIC_SetPriority
                0x08000130       0x54 build/main.o
 .text.SysTick_Config
                0x08000184       0x44 build/main.o
 .text.SysTick_Handler
                0x080001c8       0x1c build/main.o
                0x080001c8                SysTick_Handler
 .text.systick_init
                0x080001e4       0x10 build/main.o
 .text.led_gpio_init
                0x080001f4       0x44 build/main.o
 .text.iwdg_init
                0x08000238       0x38 build/main.o
 .text.startup_confirmation
                0x08000270       0x58 build/main.o
 .text.Button_Callback
                0x080002c8       0x18 build/main.o
                0x080002c8                Button_Callback
 .text.IR_Sensor_Callback
                0x080002e0       0x2a build/main.o
                0x080002e0                IR_Sensor_Callback
 *fill*         0x0800030a        0x2 
 .text.main     0x0800030c      0x114 build/main.o
                0x0800030c                main
 .text.EXTI0_IRQHandler
                0x08000420        0xe build/stm32_it.o
                0x08000420                EXTI0_IRQHandler
 .text.EXTI1_IRQHandler
                0x0800042e        0xe build/stm32_it.o
                0x0800042e                EXTI1_IRQHandler
 .text.EXTI9_5_IRQHandler
                0x0800043c       0x2c build/stm32_it.o
                0x0800043c                EXTI9_5_IRQHandler
 .text.FSM_Init
                0x08000468       0x1c build/order_alert_fsm.o
                0x08000468                FSM_Init
 .text.FSM_ProcessEvent
                0x08000484       0x90 build/order_alert_fsm.o
                0x08000484                FSM_ProcessEvent
 .text.FSM_GetState
                0x08000514       0x14 build/order_alert_fsm.o
                0x08000514                FSM_GetState
 .text.EXTI_Init
                0x08000528      0x14c build/exti_driver.o
                0x08000528                EXTI_Init
 .text.EXTI_IRQHandling
                0x08000674       0x68 build/exti_driver.o
                0x08000674                EXTI_IRQHandling
 .text.PWM_Init
                0x080006dc      0x168 build/pwm_driver.o
                0x080006dc                PWM_Init
 .text.PWM_SetDuty
                0x08000844       0x96 build/pwm_driver.o
                0x08000844                PWM_SetDuty
 .text.Buzzer_On
                0x080008da       0x1c build/buzzer_driver.o
                0x080008da                Buzzer_On
 .text.Buzzer_Off
                0x080008f6       0x1c build/buzzer_driver.o
                0x080008f6                Buzzer_Off
 .text.Buzzer_Toggle
                0x08000912       0x1c build/buzzer_driver.o
                0x08000912                Buzzer_Toggle
 *fill*         0x0800092e        0x2 
 .text.LED_On   0x08000930       0x1c build/led_driver.o
                0x08000930                LED_On
 .text.LED_Off  0x0800094c       0x1c build/led_driver.o
                0x0800094c                LED_Off
 .text.LED_Toggle
                0x08000968       0x1c build/led_driver.o
                0x08000968                LED_Toggle
 .text.IR_Sensor_IsBeamBroken
                0x08000984       0x24 build/ir_sensor_driver.o
                0x08000984                IR_Sensor_IsBeamBroken
 .text.__NVIC_EnableIRQ
                0x080009a8       0x38 build/board.o
 .text.__NVIC_SetPriority
                0x080009e0       0x54 build/board.o
 .text.EXTI_MspInit
                0x08000a34      0x110 build/board.o
                0x08000a34                EXTI_MspInit
 .text.PWM_MspInit
                0x08000b44       0x54 build/board.o
                0x08000b44                PWM_MspInit
 .text.Reset_Handler
                0x08000b98       0x40 build/startup.o
                0x08000b98                Reset_Handler
 .text.Default_Handler
                0x08000bd8        0x2 build/startup.o
                0x08000bd8                RTC_Alarm_IRQHandler
                0x08000bd8                EXTI2_IRQHandler
                0x08000bd8                TIM8_TRG_COM_IRQHandler
                0x08000bd8                TIM8_CC_IRQHandler
                0x08000bd8                DebugMon_Handler
                0x08000bd8                TIM1_CC_IRQHandler
                0x08000bd8                HardFault_Handler
                0x08000bd8                TIM6_IRQHandler
                0x08000bd8                PVD_IRQHandler
                0x08000bd8                SDIO_IRQHandler
                0x08000bd8                PendSV_Handler
                0x08000bd8                NMI_Handler
                0x08000bd8                EXTI3_IRQHandler
                0x08000bd8                I2C2_EV_IRQHandler
                0x08000bd8                UsageFault_Handler
                0x08000bd8                ADC1_2_IRQHandler
                0x08000bd8                SPI1_IRQHandler
                0x08000bd8                TAMPER_IRQHandler
                0x08000bd8                TIM8_UP_IRQHandler
                0x08000bd8                DMA2_Channel2_IRQHandler
                0x08000bd8                DMA1_Channel4_IRQHandler
                0x08000bd8                USART3_IRQHandler
                0x08000bd8                RTC_IRQHandler
                0x08000bd8                DMA1_Channel7_IRQHandler
                0x08000bd8                CAN1_RX1_IRQHandler
                0x08000bd8                UART5_IRQHandler
                0x08000bd8                ADC3_IRQHandler
                0x08000bd8                TIM4_IRQHandler
                0x08000bd8                DMA2_Channel1_IRQHandler
                0x08000bd8                I2C1_EV_IRQHandler
                0x08000bd8                DMA1_Channel6_IRQHandler
                0x08000bd8                UART4_IRQHandler
                0x08000bd8                TIM3_IRQHandler
                0x08000bd8                RCC_IRQHandler
                0x08000bd8                TIM1_TRG_COM_IRQHandler
                0x08000bd8                DMA1_Channel1_IRQHandler
                0x08000bd8                EXTI15_10_IRQHandler
                0x08000bd8                TIM7_IRQHandler
                0x08000bd8                TIM5_IRQHandler
                0x08000bd8                SPI2_IRQHandler
                0x08000bd8                MemManage_Handler
                0x08000bd8                SVC_Handler
                0x08000bd8                DMA1_Channel5_IRQHandler
                0x08000bd8                EXTI4_IRQHandler
                0x08000bd8                USB_LP_CAN1_RX0_IRQHandler
                0x08000bd8                USB_HP_CAN1_TX_IRQHandler
                0x08000bd8                DMA1_Channel3_IRQHandler
                0x08000bd8                FSMC_IRQHandler
                0x08000bd8                TIM1_UP_IRQHandler
                0x08000bd8                WWDG_IRQHandler
                0x08000bd8                TIM2_IRQHandler
                0x08000bd8                TIM1_BRK_IRQHandler
                0x08000bd8                DMA2_Channel4_5_IRQHandler
                0x08000bd8                USART2_IRQHandler
                0x08000bd8                I2C2_ER_IRQHandler
                0x08000bd8                DMA1_Channel2_IRQHandler
                0x08000bd8                TIM8_BRK_IRQHandler
                0x08000bd8                CAN1_SCE_IRQHandler
                0x08000bd8                FLASH_IRQHandler
                0x08000bd8                BusFault_Handler
                0x08000bd8                USART1_IRQHandler
                0x08000bd8                SPI3_IRQHandler
                0x08000bd8                I2C1_ER_IRQHandler
                0x08000bd8                USBWakeUp_IRQHandler
                0x08000bd8                DMA2_Channel3_IRQHandler
 *(.rodata)
 *(.rodata*)
 *(.init)
 *fill*         0x08000bda        0x2 
 .init          0x08000bdc        0x4 C:/Users/USER/scoop/apps/gcc-arm-none-eabi/15.2.rel1/bin/../lib/gcc/arm-none-eabi/15.2.1/thumb/v7-m/nofp/crti.o
                0x08000bdc                _init
 .init          0x08000be0        0x8 C:/Users/USER/scoop/apps/gcc-arm-none-eabi/15.2.rel1/bin/../lib/gcc/arm-none-eabi/15.2.1/thumb/v7-m/nofp/crtn.o
 *(.fini)
 .fini          0x08000be8        0x4 C:/Users/USER/scoop/apps/gcc-arm-none-eabi/15.2.rel1/bin/../lib/gcc/arm-none-eabi/15.2.1/thumb/v7-m/nofp/crti.o
                0x08000be8                _fini
 .fini          0x08000bec        0x8 C:/Users/USER/scoop/apps/gcc-arm-none-eabi/15.2.rel1/bin/../lib/gcc/arm-none-eabi/15.2.1/thumb/v7-m/nofp/crtn.o
                0x08000bf4                        . = ALIGN (0x4)
                0x08000bf4                        _etext = .

.glue_7         0x08000bf4        0x0
 .glue_7        0x08000bf4        0x0 linker stubs

.glue_7t        0x08000bf4        0x0
 .glue_7t       0x08000bf4        0x0 linker stubs

.vfp11_veneer   0x08000bf4        0x0
 .vfp11_veneer  0x08000bf4        0x0 linker stubs

.v4_bx          0x08000bf4        0x0
 .v4_bx         0x08000bf4        0x0 linker stubs

.iplt           0x08000bf4        0x0
 .iplt          0x08000bf4        0x0 build/main.o

.rel.dyn        0x08000bf4        0x0
 .rel.iplt      0x08000bf4        0x0 build/main.o

.ARM.extab
 *(.ARM.extab* .gnu.linkonce.armextab.*)

.ARM            0x08000bf4        0x0
                0x08000bf4                        __exidx_start = .
 *(.ARM.exidx*)
                0x08000bf4                        __exidx_end = .
                0x08000bf4                        _sidata = LOADADDR (.data)

.data           0x20000000        0x0 load address 0x08000bf4
                0x20000000                        . = ALIGN (0x4)
                0x20000000                        _sdata = .
 *(.data)
 *(.data*)
                0x20000000                        . = ALIGN (0x4)
                0x20000000                        _edata = .

.igot.plt       0x20000000        0x0 load address 0x08000bf4
 .igot.plt      0x20000000        0x0 build/main.o

.bss            0x20000000       0x4c load address 0x08000bf4
                0x20000000                        . = ALIGN (0x4)
                0x20000000                        _sbss = .
                0x20000000                        __bss_start__ = _sbss
 *(.bss)
 *(.bss*)
 .bss.tick_ms   0x20000000        0x4 build/main.o
                0x20000000                tick_ms
 .bss.last_buzz.0
                0x20000004        0x4 build/main.o
 .bss.current_state
                0x20000008        0x1 build/order_alert_fsm.o
 *fill*         0x20000009        0x3 
 .bss.gpEXTI_Handles
                0x2000000c       0x40 build/exti_driver.o
 *(COMMON)
                0x2000004c                        . = ALIGN (0x4)
                0x2000004c                        _ebss = .
                0x2000004c                        __bss_end__ = _ebss

._user_heap_stack
                0x2000004c      0x604 load address 0x08000bf4
                0x20000050                        . = ALIGN (0x8)
 *fill*         0x2000004c        0x4 
                0x20000050                        PROVIDE (end = .)
                [!provide]                        PROVIDE (_end = .)
                0x20000250                        . = (. + 0x200)
 *fill*         0x20000050      0x200 
                0x20000650                        . = (. + 0x400)
 *fill*         0x20000250      0x400 
                0x20000650                        . = ALIGN (0x8)

/DISCARD/
 libc.a(*)
 libm.a(*)
 libgcc.a(*)

.ARM.attributes
                0x00000000       0x29
 *(.ARM.attributes)
 .ARM.attributes
                0x00000000       0x1d C:/Users/USER/scoop/apps/gcc-arm-none-eabi/15.2.rel1/bin/../lib/gcc/arm-none-eabi/15.2.1/thumb/v7-m/nofp/crti.o
 .ARM.attributes
                0x0000001d       0x2d build/main.o
 .ARM.attributes
                0x0000004a       0x2d build/stm32_it.o
 .ARM.attributes
                0x00000077       0x2d build/order_alert_fsm.o
 .ARM.attributes
                0x000000a4       0x2d build/exti_driver.o
 .ARM.attributes
                0x000000d1       0x2d build/pwm_driver.o
 .ARM.attributes
                0x000000fe       0x2d build/buzzer_driver.o
 .ARM.attributes
                0x0000012b       0x2d build/led_driver.o
 .ARM.attributes
                0x00000158       0x2d build/ir_sensor_driver.o
 .ARM.attributes
                0x00000185       0x2d build/board.o
 .ARM.attributes
                0x000001b2       0x21 build/startup.o
 .ARM.attributes
                0x000001d3       0x1d C:/Users/USER/scoop/apps/gcc-arm-none-eabi/15.2.rel1/bin/../lib/gcc/arm-none-eabi/15.2.1/thumb/v7-m/nofp/crtn.o
OUTPUT(build/KOAS_V1.elf elf32-littlearm)
LOAD linker stubs
LOAD C:/Users/USER/scoop/apps/gcc-arm-none-eabi/15.2.rel1/bin/../lib/gcc/arm-none-eabi/15.2.1/../../../../arm-none-eabi/lib/thumb/v7-m/nofp\libc.a
LOAD C:/Users/USER/scoop/apps/gcc-arm-none-eabi/15.2.rel1/bin/../lib/gcc/arm-none-eabi/15.2.1/../../../../arm-none-eabi/lib/thumb/v7-m/nofp\libm.a
LOAD C:/Users/USER/scoop/apps/gcc-arm-none-eabi/15.2.rel1/bin/../lib/gcc/arm-none-eabi/15.2.1/thumb/v7-m/nofp\libgcc.a

.debug_info     0x00000000     0x2170
 .debug_info    0x00000000      0xbae build/main.o
 .debug_info    0x00000bae       0xee build/stm32_it.o
 .debug_info    0x00000c9c      0x140 build/order_alert_fsm.o
 .debug_info    0x00000ddc      0x32c build/exti_driver.o
 .debug_info    0x00001108      0x33f build/pwm_driver.o
 .debug_info    0x00001447      0x1d5 build/buzzer_driver.o
 .debug_info    0x0000161c      0x12f build/led_driver.o
 .debug_info    0x0000174b      0x11c build/ir_sensor_driver.o
 .debug_info    0x00001867      0x909 build/board.o

.debug_abbrev   0x00000000      0xb15
 .debug_abbrev  0x00000000      0x2b3 build/main.o
 .debug_abbrev  0x000002b3       0xad build/stm32_it.o
 .debug_abbrev  0x00000360       0xe8 build/order_alert_fsm.o
 .debug_abbrev  0x00000448      0x18c build/exti_driver.o
 .debug_abbrev  0x000005d4      0x15d build/pwm_driver.o
 .debug_abbrev  0x00000731       0xa7 build/buzzer_driver.o
 .debug_abbrev  0x000007d8       0xa7 build/led_driver.o
 .debug_abbrev  0x0000087f       0xa7 build/ir_sensor_driver.o
 .debug_abbrev  0x00000926      0x1ef build/board.o

.debug_aranges  0x00000000      0x1d8
 .debug_aranges
                0x00000000       0x68 build/main.o
 .debug_aranges
                0x00000068       0x30 build/stm32_it.o
 .debug_aranges
                0x00000098       0x30 build/order_alert_fsm.o
 .debug_aranges
                0x000000c8       0x28 build/exti_driver.o
 .debug_aranges
                0x000000f0       0x30 build/pwm_driver.o
 .debug_aranges
                0x00000120       0x30 build/buzzer_driver.o
 .debug_aranges
                0x00000150       0x30 build/led_driver.o
 .debug_aranges
                0x00000180       0x20 build/ir_sensor_driver.o
 .debug_aranges
                0x000001a0       0x38 build/board.o

.debug_rnglists
                0x00000000      0x13b
 .debug_rnglists
                0x00000000       0x4a build/main.o
 .debug_rnglists
                0x0000004a       0x1f build/stm32_it.o
 .debug_rnglists
                0x00000069       0x20 build/order_alert_fsm.o
 .debug_rnglists
                0x00000089       0x1a build/exti_driver.o
 .debug_rnglists
                0x000000a3       0x21 build/pwm_driver.o
 .debug_rnglists
                0x000000c4       0x1f build/buzzer_driver.o
 .debug_rnglists
                0x000000e3       0x1f build/led_driver.o
 .debug_rnglists
                0x00000102       0x13 build/ir_sensor_driver.o
 .debug_rnglists
                0x00000115       0x26 build/board.o

.debug_macro    0x00000000    0x107b8
 .debug_macro   0x00000000      0x109 build/main.o
 .debug_macro   0x00000109      0xade build/main.o
 .debug_macro   0x00000be7       0x2e build/main.o
 .debug_macro   0x00000c15       0x22 build/main.o
 .debug_macro   0x00000c37       0x22 build/main.o
 .debug_macro   0x00000c59       0x8e build/main.o
 .debug_macro   0x00000ce7       0x51 build/main.o
 .debug_macro   0x00000d38      0x103 build/main.o
 .debug_macro   0x00000e3b       0x6a build/main.o
 .debug_macro   0x00000ea5      0x1df build/main.o
 .debug_macro   0x00001084       0x1c build/main.o
 .debug_macro   0x000010a0       0x22 build/main.o
 .debug_macro   0x000010c2       0xbd build/main.o
 .debug_macro   0x0000117f      0xd23 build/main.o
 .debug_macro   0x00001ea2     0xe09e build/main.o
 .debug_macro   0x0000ff40       0x43 build/main.o
 .debug_macro   0x0000ff83       0x10 build/main.o
 .debug_macro   0x0000ff93       0x1c build/main.o
 .debug_macro   0x0000ffaf      0x1a5 build/main.o
 .debug_macro   0x00010154       0xd5 build/stm32_it.o
 .debug_macro   0x00010229       0x16 build/stm32_it.o
 .debug_macro   0x0001023f       0x81 build/order_alert_fsm.o
 .debug_macro   0x000102c0       0xec build/exti_driver.o
 .debug_macro   0x000103ac       0xcf build/pwm_driver.o
 .debug_macro   0x0001047b       0xc6 build/buzzer_driver.o
 .debug_macro   0x00010541       0xc6 build/led_driver.o
 .debug_macro   0x00010607       0xcf build/ir_sensor_driver.o
 .debug_macro   0x000106d6       0xe2 build/board.o

.debug_line     0x00000000     0x21e1
 .debug_line    0x00000000      0x53c build/main.o
 .debug_line    0x0000053c      0x334 build/stm32_it.o
 .debug_line    0x00000870      0x2cf build/order_alert_fsm.o
 .debug_line    0x00000b3f      0x45c build/exti_driver.o
 .debug_line    0x00000f9b      0x494 build/pwm_driver.o
 .debug_line    0x0000142f      0x328 build/buzzer_driver.o
 .debug_line    0x00001757      0x320 build/led_driver.o
 .debug_line    0x00001a77      0x30a build/ir_sensor_driver.o
 .debug_line    0x00001d81      0x460 build/board.o

.debug_str      0x00000000    0x54d64
 .debug_str     0x00000000    0x54d64 build/main.o
                              0x54e78 (size before relaxing)
 .debug_str     0x00054d64        0x0 build/stm32_it.o
                              0x54345 (size before relaxing)
 .debug_str     0x00054d64        0x0 build/order_alert_fsm.o
                               0x3e7c (size before relaxing)
 .debug_str     0x00054d64        0x0 build/exti_driver.o
                              0x5480a (size before relaxing)
 .debug_str     0x00054d64        0x0 build/pwm_driver.o
                              0x547a1 (size before relaxing)
 .debug_str     0x00054d64        0x0 build/buzzer_driver.o
                              0x54332 (size before relaxing)
 .debug_str     0x00054d64        0x0 build/led_driver.o
                              0x542f5 (size before relaxing)
 .debug_str     0x00054d64        0x0 build/ir_sensor_driver.o
                              0x54330 (size before relaxing)
 .debug_str     0x00054d64        0x0 build/board.o
                              0x54c00 (size before relaxing)

.comment        0x00000000       0x45
 .comment       0x00000000       0x45 build/main.o
                                 0x46 (size before relaxing)
 .comment       0x00000045        0x0 build/stm32_it.o
                                 0x46 (size before relaxing)
 .comment       0x00000045        0x0 build/order_alert_fsm.o
                                 0x46 (size before relaxing)
 .comment       0x00000045        0x0 build/exti_driver.o
                                 0x46 (size before relaxing)
 .comment       0x00000045        0x0 build/pwm_driver.o
                                 0x46 (size before relaxing)
 .comment       0x00000045        0x0 build/buzzer_driver.o
                                 0x46 (size before relaxing)
 .comment       0x00000045        0x0 build/led_driver.o
                                 0x46 (size before relaxing)
 .comment       0x00000045        0x0 build/ir_sensor_driver.o
                                 0x46 (size before relaxing)
 .comment       0x00000045        0x0 build/board.o
                                 0x46 (size before relaxing)

.debug_frame    0x00000000      0x4d8
 .debug_frame   0x00000000      0x164 build/main.o
 .debug_frame   0x00000164       0x6c build/stm32_it.o
 .debug_frame   0x000001d0       0x70 build/order_alert_fsm.o
 .debug_frame   0x00000240       0x58 build/exti_driver.o
 .debug_frame   0x00000298       0x84 build/pwm_driver.o
 .debug_frame   0x0000031c       0x70 build/buzzer_driver.o
 .debug_frame   0x0000038c       0x70 build/led_driver.o
 .debug_frame   0x000003fc       0x30 build/ir_sensor_driver.o
 .debug_frame   0x0000042c       0xac build/board.o
